// Jest Snapshot v1, https://goo.gl/fbAQLP

exports[`treeToSVG wraps whatever text you pass into it with an SVG schema 1`] = `
"<?xml version=\\"1.0\\" encoding=\\"UTF-8\\" ?>
<svg width=\\"1024\\" height=\\"768\\" xmlns=\\"http://www.w3.org/2000/svg\\" version=\\"1.1\\">

 <rect type=\\"my component\\" x=\\"2\\" y=\\"80\\" width=\\"200\\" height=\\"200\\" fill=\\"none\\" stroke=\\"black\\" stroke-width=\\"0\\" rx=\\"0\\" ry=\\"0\\"/>
</svg>
"
`;
