// Jest Snapshot v1, https://goo.gl/fbAQLP

exports[`handles some simple JSX 1`] = `
"<?xml version=\\"1.0\\" encoding=\\"UTF-8\\" ?>
<svg width=\\"600\\" height=\\"400\\" xmlns=\\"http://www.w3.org/2000/svg\\" version=\\"1.1\\">

 <rect x=\\"0\\" y=\\"0\\" width=\\"NaN\\" height=\\"NaN\\" fill-opacity=\\"0.05\\" stroke-width=\\"1\\" stroke=\\"black\\"/>

 <g transform='translate(0, 0)'>
   <rect x=\\"0\\" y=\\"0\\" width=\\"NaN\\" height=\\"NaN\\" fill-opacity=\\"0.05\\" stroke-width=\\"1\\" stroke=\\"black\\"/>
   <rect x=\\"0\\" y=\\"0\\" width=\\"NaN\\" height=\\"NaN\\" fill-opacity=\\"0.05\\" stroke-width=\\"1\\" stroke=\\"black\\"/>

   <g transform='translate(0, 0)'>
     <rect x=\\"0\\" y=\\"0\\" width=\\"NaN\\" height=\\"NaN\\" fill-opacity=\\"0.05\\" stroke-width=\\"1\\" stroke=\\"black\\"/>
     <rect x=\\"0\\" y=\\"0\\" width=\\"NaN\\" height=\\"NaN\\" fill-opacity=\\"0.05\\" stroke-width=\\"1\\" stroke=\\"black\\"/>
   </g>

   <rect x=\\"0\\" y=\\"0\\" width=\\"NaN\\" height=\\"NaN\\" fill-opacity=\\"0.05\\" stroke-width=\\"1\\" stroke=\\"black\\"/>
 </g>

</svg>
"
`;
